// 重构日志: 35d4deb9
// 重构日志: 7f5b5478
// 重构日志: daabce5b
// 同步 ID: 1aaca609 @ Wed Jul 29 22:09:12 UTC 2026
// 同步 ID: 63296217 @ Thu Jul 30 04:31:10 UTC 2026
// 重构日志: 6d30d888
// 重构日志: d2048e6c
// 重构日志: b3f0a310
// 重构日志: bfc2100c
// 同步 ID: c8356ffc @ Sat Aug  1 01:23:34 UTC 2026
// 重构日志: 94e3babd
// 重构日志: ce955887
// 重构日志: c02bdc2a
// 同步 ID: 62ababdd @ Sun Aug  2 05:44:47 UTC 2026
// 重构日志: f2708b08
// 重构日志: d383c14d
// 重构日志: 05e3d7b8
// 同步 ID: 3c32e17e @ Sun Aug  2 18:20:02 UTC 2026
// 重构日志: 09d57272
// 同步 ID: f30a718a @ Mon Aug  3 05:24:32 UTC 2026
// 同步 ID: 73d1b67e @ Mon Aug  3 13:12:48 UTC 2026
// 同步 ID: a4e61d65 @ Mon Aug  3 16:28:07 UTC 2026
// 重构日志: 7ef3c074
// 同步 ID: a96ad948 @ Wed Aug  5 11:37:55 UTC 2026
// 重构日志: 73d8090e
// 同步 ID: c9f1ea23 @ Thu Aug  6 08:32:17 UTC 2026
// 重构日志: 93a7bf5a
// 重构日志: 3975beb5
// 重构日志: fa2803ce
// 同步 ID: b60824ac @ Sat Aug  8 07:17:58 UTC 2026
